10:09:43 **** Incremental Build of configuration Debug for project BoardTest ****
make all 
Invoking: Cross ARM GNU Print Size
arm-none-eabi-size --format=berkeley "BoardTest.elf"
   text	   data	    bss	    dec	    hex	filename
  19964	    268	   3144	  23376	   5b50	BoardTest.elf
Finished building: BoardTest.siz
 
10:10:14 **** Incremental Build of configuration Debug for project BoardTest ****
make all 
Invoking: Cross ARM GNU Print Size
arm-none-eabi-size --format=berkeley "BoardTest.elf"
   text	   data	    bss	    dec	    hex	filename
  19964	    268	   3144	  23376	   5b50	BoardTest.elf
Finished building: BoardTest.siz
 
10:11:17 **** Incremental Build of configuration Debug for project BoardTest ****
make all 
Invoking: Cross ARM GNU Print Size
arm-none-eabi-size --format=berkeley "BoardTest.elf"
   text	   data	    bss	    dec	    hex	filename
  19964	    268	   3144	  23376	   5b50	BoardTest.elf
Finished building: BoardTest.siz
 
10:11:40 **** Incremental Build of configuration Debug for project BoardTest ****
make all 
Invoking: Cross ARM GNU Print Size
arm-none-eabi-size --format=berkeley "BoardTest.elf"
   text	   data	    bss	    dec	    hex	filename
  19964	    268	   3144	  23376	   5b50	BoardTest.elf
Finished building: BoardTest.siz
 
10:12:16 **** Incremental Build of configuration Debug for project BoardTest ****
make all 
Invoking: Cross ARM GNU Print Size
arm-none-eabi-size --format=berkeley "BoardTest.elf"
   text	   data	    bss	    dec	    hex	filename
  19964	    268	   3144	  23376	   5b50	BoardTest.elf
Finished building: BoardTest.siz
 
10:15:28 **** Incremental Build of configuration Debug for project BoardTest ****
make all 
Invoking: Cross ARM GNU Print Size
arm-none-eabi-size --format=berkeley "BoardTest.elf"
   text	   data	    bss	    dec	    hex	filename
  19964	    268	   3144	  23376	   5b50	BoardTest.elf
Finished building: BoardTest.siz
 
10:18:23 **** Incremental Build of configuration Debug for project BoardTest ****
make all 
Invoking: Cross ARM GNU Print Size
arm-none-eabi-size --format=berkeley "BoardTest.elf"
   text	   data	    bss	    dec	    hex	filename
  19964	    268	   3144	  23376	   5b50	BoardTest.elf
Finished building: BoardTest.siz
 
10:19:08 **** Incremental Build of configuration Debug for project BoardTest ****
make all 
Invoking: Cross ARM GNU Print Size
arm-none-eabi-size --format=berkeley "BoardTest.elf"
   text	   data	    bss	    dec	    hex	filename
  19964	    268	   3144	  23376	   5b50	BoardTest.elf
Finished building: BoardTest.siz
 
10:20:47 **** Incremental Build of configuration Debug for project BoardTest ****
make all 
Invoking: Cross ARM GNU Print Size
arm-none-eabi-size --format=berkeley "BoardTest.elf"
   text	   data	    bss	    dec	    hex	filename
  19964	    268	   3144	  23376	   5b50	BoardTest.elf
Finished building: BoardTest.siz
 
10:28:31 **** Incremental Build of configuration Debug for project BoardTest ****
make all 
Invoking: Cross ARM GNU Print Size
arm-none-eabi-size --format=berkeley "BoardTest.elf"
   text	   data	    bss	    dec	    hex	filename
  19964	    268	   3144	  23376	   5b50	BoardTest.elf
Finished building: BoardTest.siz
 
