17:03:17 **** Incremental Build of configuration Debug for project BoardTest ****
make all 
Building file: ../system/src/cmsis/system_stm32f0xx.c
Invoking: Cross ARM C Compiler
arm-none-eabi-gcc -mcpu=cortex-m0 -mthumb -Og -fmessage-length=0 -fsigned-char -ffunction-sections -fdata-sections -ffreestanding -fno-move-loop-invariants -Wall -Wextra  -g3 -DDEBUG -DUSE_FULL_ASSERT -DSTM32F030 -DUSE_STDPERIPH_DRIVER -DHSE_VALUE=8000000 -I"../include" -I"../system/include" -I"../system/include/cmsis" -I"../system/include/stm32f0-stdperiph" -std=gnu11 -MMD -MP -MF"system/src/cmsis/system_stm32f0xx.d" -MT"system/src/cmsis/system_stm32f0xx.o" -c -o "system/src/cmsis/system_stm32f0xx.o" "../system/src/cmsis/system_stm32f0xx.c"
Finished building: ../system/src/cmsis/system_stm32f0xx.c
 
Building file: ../src/main.c
Invoking: Cross ARM C Compiler
arm-none-eabi-gcc -mcpu=cortex-m0 -mthumb -Og -fmessage-length=0 -fsigned-char -ffunction-sections -fdata-sections -ffreestanding -fno-move-loop-invariants -Wall -Wextra  -g3 -DDEBUG -DUSE_FULL_ASSERT -DSTM32F030 -DUSE_STDPERIPH_DRIVER -DHSE_VALUE=8000000 -I"../include" -I"../system/include" -I"../system/include/cmsis" -I"../system/include/stm32f0-stdperiph" -std=gnu11 -MMD -MP -MF"src/main.d" -MT"src/main.o" -c -o "src/main.o" "../src/main.c"
Finished building: ../src/main.c
 
Building target: BoardTest.elf
Invoking: Cross ARM C++ Linker
arm-none-eabi-g++ -mcpu=cortex-m0 -mthumb -Og -fmessage-length=0 -fsigned-char -ffunction-sections -fdata-sections -ffreestanding -fno-move-loop-invariants -Wall -Wextra  -g3 -T mem.ld -T libs.ld -T sections.ld -nostartfiles -Xlinker --gc-sections -L"../ldscripts" -Wl,-Map,"BoardTest.map" --specs=nano.specs -o "BoardTest.elf"  ./system/src/stm32f0-stdperiph/stm32f0xx_gpio.o ./system/src/stm32f0-stdperiph/stm32f0xx_rcc.o  ./system/src/newlib/_cxx.o ./system/src/newlib/_exit.o ./system/src/newlib/_sbrk.o ./system/src/newlib/_startup.o ./system/src/newlib/_syscalls.o ./system/src/newlib/assert.o  ./system/src/diag/Trace.o ./system/src/diag/trace_impl.o  ./system/src/cortexm/_initialize_hardware.o ./system/src/cortexm/_reset_hardware.o ./system/src/cortexm/exception_handlers.o  ./system/src/cmsis/system_stm32f0xx.o ./system/src/cmsis/vectors_stm32f0xx.o  ./src/_write.o ./src/main.o   
Finished building target: BoardTest.elf
 
Invoking: Cross ARM GNU Create Flash Image
arm-none-eabi-objcopy -O ihex "BoardTest.elf"  "BoardTest.hex"
Finished building: BoardTest.hex
 
Invoking: Cross ARM GNU Print Size
arm-none-eabi-size --format=berkeley "BoardTest.elf"
   text	   data	    bss	    dec	    hex	filename
   1392	     76	    268	   1736	    6c8	BoardTest.elf
Finished building: BoardTest.siz
 
17:03:35 **** Incremental Build of configuration Debug for project BoardTest ****
make all 
Invoking: Cross ARM GNU Print Size
arm-none-eabi-size --format=berkeley "BoardTest.elf"
   text	   data	    bss	    dec	    hex	filename
   1392	     76	    268	   1736	    6c8	BoardTest.elf
Finished building: BoardTest.siz
 
17:04:00 **** Incremental Build of configuration Debug for project BoardTest ****
make all 
Invoking: Cross ARM GNU Print Size
arm-none-eabi-size --format=berkeley "BoardTest.elf"
   text	   data	    bss	    dec	    hex	filename
   1392	     76	    268	   1736	    6c8	BoardTest.elf
Finished building: BoardTest.siz
 
17:04:56 **** Incremental Build of configuration Debug for project BoardTest ****
make all 
Invoking: Cross ARM GNU Print Size
arm-none-eabi-size --format=berkeley "BoardTest.elf"
   text	   data	    bss	    dec	    hex	filename
   1392	     76	    268	   1736	    6c8	BoardTest.elf
Finished building: BoardTest.siz
 
17:10:55 **** Incremental Build of configuration Debug for project BoardTest ****
make all 
Invoking: Cross ARM GNU Print Size
arm-none-eabi-size --format=berkeley "BoardTest.elf"
   text	   data	    bss	    dec	    hex	filename
   1392	     76	    268	   1736	    6c8	BoardTest.elf
Finished building: BoardTest.siz
 
17:17:54 **** Clean-only build of configuration Debug for project BoardTest ****
make clean 
rm -rf  BoardTest.siz  ./system/src/stm32f0-stdperiph/stm32f0xx_gpio.o ./system/src/stm32f0-stdperiph/stm32f0xx_rcc.o  ./system/src/newlib/_cxx.o ./system/src/newlib/_exit.o ./system/src/newlib/_sbrk.o ./system/src/newlib/_startup.o ./system/src/newlib/_syscalls.o ./system/src/newlib/assert.o  ./system/src/diag/Trace.o ./system/src/diag/trace_impl.o  ./system/src/cortexm/_initialize_hardware.o ./system/src/cortexm/_reset_hardware.o ./system/src/cortexm/exception_handlers.o  ./system/src/cmsis/system_stm32f0xx.o ./system/src/cmsis/vectors_stm32f0xx.o  ./src/_write.o ./src/main.o  ./system/src/stm32f0-stdperiph/stm32f0xx_gpio.d ./system/src/stm32f0-stdperiph/stm32f0xx_rcc.d  ./system/src/newlib/_exit.d ./system/src/newlib/_sbrk.d ./system/src/newlib/_startup.d ./system/src/newlib/_syscalls.d ./system/src/newlib/assert.d  ./system/src/diag/Trace.d ./system/src/diag/trace_impl.d  ./system/src/cortexm/_initialize_hardware.d ./system/src/cortexm/_reset_hardware.d ./system/src/cortexm/exception_handlers.d  ./system/src/cmsis/system_stm32f0xx.d ./system/src/cmsis/vectors_stm32f0xx.d  ./src/_write.d ./src/main.d  BoardTest.hex  ./system/src/newlib/_cxx.d  BoardTest.elf
 
